// Jest Snapshot v1, https://goo.gl/fbAQLP

exports[`should render ExpenseSummary with 1 expense 1`] = `
<div
  className="page-header"
>
  <div
    className="content-container"
  >
    <h1
      className="page-header__title"
    >
      Viewing 
      <span>
        1
      </span>
       expense
       of 
      <span />
       totalling 
      <span>
        $1,234.50
      </span>
    </h1>
    <div
      className="page-header__actions"
    >
      <Link
        className="button"
        replace={false}
        to="/create"
      >
        Add expense
      </Link>
    </div>
  </div>
</div>
`;

exports[`should render ExpenseSummary with 2 expenses 1`] = `
<div
  className="page-header"
>
  <div
    className="content-container"
  >
    <h1
      className="page-header__title"
    >
      Viewing 
      <span>
        2
      </span>
       expense
      s
       of 
      <span />
       totalling 
      <span>
        $1,234.50
      </span>
    </h1>
    <div
      className="page-header__actions"
    >
      <Link
        className="button"
        replace={false}
        to="/create"
      >
        Add expense
      </Link>
    </div>
  </div>
</div>
`;
